[html.physcode.com/travel/index.html]
[backblue.gif]
[fade.gif]
[index.html]
[html.physcode.com/travel/xmlrpc.php]
[html.physcode.com/travel/assets/css/bootstrap.min.css]
[html.physcode.com/travel/assets/css/font-awesome.min.css]
[html.physcode.com/travel/assets/css/flaticon.css]
[html.physcode.com/travel/assets/css/font-linearicons.css]
[html.physcode.com/travel/style.css]
[html.physcode.com/travel/assets/css/travel-setting.css]
[html.physcode.com/travel/images/favicon.png]
[html.physcode.com/travel/images/logo.png]
[html.physcode.com/travel/images/logo_sticky.png]
[html.physcode.com/travel/index-2.html]
[html.physcode.com/travel/home-2.html]
[html.physcode.com/travel/home-3.html]
[html.physcode.com/travel/home-4.html]
[html.physcode.com/travel/tours.html]
[html.physcode.com/travel/single-tour.html]
[html.physcode.com/travel/tours-list.html]
[html.physcode.com/travel/tours-2-cols.html]
[html.physcode.com/travel/tours-3-cols.html]
[html.physcode.com/travel/tours-4-cols.html]
[html.physcode.com/travel/destinations.html]
[html.physcode.com/travel/blog.html]
[html.physcode.com/travel/gallery.html]
[html.physcode.com/travel/travel-tips.html]
[html.physcode.com/travel/typography.html]
[html.physcode.com/travel/checkout.html]
[html.physcode.com/travel/contact.html]
[html.physcode.com/travel/images/video_slider.jpg]
[html.physcode.com/travel/images/home/bg-popular.jpg]
[html.physcode.com/travel/images/tour/430x305/tour-1.jpg]
[html.physcode.com/travel/images/tour/430x305/tour-2.jpg]
[html.physcode.com/travel/images/tour/430x305/tour-3.jpg]
[html.physcode.com/travel/images/tour/430x305/tour-4.jpg]
[html.physcode.com/travel/images/tour/430x305/tour-5.jpg]
[html.physcode.com/travel/images/tour/430x305/tour-6.jpg]
[html.physcode.com/travel/images/city/26003147786_a04226cd2f_o.jpg]
[html.physcode.com/travel/images/city/24987002020_29d3944b4f_o.jpg]
[html.physcode.com/travel/images/city/25816508131_00e16429b8_o.jpg]
[html.physcode.com/travel/images/city/photo-1474181487882-5abf3f0ba6c2.jpg]
[html.physcode.com/travel/images/city/25656857141_edcdf5e6e3_o.jpg]
[html.physcode.com/travel/images/home/bg-pallarax.jpg]
[html.physcode.com/travel/images/avata.jpg]
[html.physcode.com/travel/images/blog/201H.jpg]
[html.physcode.com/travel/single.html]
[html.physcode.com/travel/images/blog/86H.jpg]
[html.physcode.com/travel/images/instagram/1.jpg]
[html.physcode.com/travel/images/instagram/2.jpg]
[html.physcode.com/travel/images/instagram/3.jpg]
[html.physcode.com/travel/images/instagram/4.jpg]
[html.physcode.com/travel/images/instagram/5.jpg]
[html.physcode.com/travel/images/instagram/6.jpg]
[html.physcode.com/travel/images/home/bg_newletter.jpg]
[html.physcode.com/travel/assets/js/jquery.min.js]
[html.physcode.com/travel/assets/js/bootstrap.min.js]
[html.physcode.com/travel/assets/js/jquery.mb-comingsoon.min.js]
[html.physcode.com/travel/assets/js/owl.carousel.min.js]
[html.physcode.com/travel/assets/js/waypoints.min.js]
[html.physcode.com/travel/assets/js/jquery.counterup.min.js]
[html.physcode.com/travel/index.html]
[html.physcode.com/travel/xmlrpc.html]
[html.physcode.com/travel/assets/css/bootstrap.min.css]
[html.physcode.com/travel/assets/js/theme.js]
[html.physcode.com/travel/assets/js/vendors.js]
[html.physcode.com/travel/assets/fonts/fontawesome-webfont5b62.woff2]
[html.physcode.com/travel/assets/fonts/fontawesome-webfont5b62.woff]
[html.physcode.com/travel/assets/fonts/fontawesome-webfont5b62.eot]
[html.physcode.com/travel/assets/fonts/fontawesome-webfontd41d.eot]
[html.physcode.com/travel/assets/fonts/fontawesome-webfont5b62.ttf]
[html.physcode.com/travel/assets/css/font-awesome.min.css]
[html.physcode.com/travel/assets/fonts/fontawesome-webfont5b62.svg]
[html.physcode.com/travel/assets/fonts/Flaticon.woff]
[html.physcode.com/travel/assets/fonts/Flaticon.eot]
[html.physcode.com/travel/assets/fonts/Flaticon.ttf]
[html.physcode.com/travel/assets/fonts/Flaticond41d.eot]
[html.physcode.com/travel/assets/fonts/Flaticon.svg]
[html.physcode.com/travel/assets/css/flaticon.css]
[html.physcode.com/travel/assets/fonts/Linearicons-Free54e9.woff2]
[html.physcode.com/travel/assets/fonts/Linearicons-Free54e9.eot]
[html.physcode.com/travel/assets/fonts/Linearicons-Freed41d.eot]
[html.physcode.com/travel/assets/fonts/Linearicons-Free54e9.woff]
[html.physcode.com/travel/assets/fonts/Linearicons-Free54e9.ttf]
[html.physcode.com/travel/assets/fonts/Linearicons-Free54e9.svg]
[html.physcode.com/travel/assets/css/font-linearicons.css]
[html.physcode.com/travel/style.css]
[html.physcode.com/travel/images/bg-review.png]
[html.physcode.com/travel/assets/css/travel-setting.css]
[html.physcode.com/travel/index-2.html]
[html.physcode.com/travel/images/home/slider.jpg]
[html.physcode.com/travel/images/home/slider-2.jpg]
[html.physcode.com/travel/images/home/Map-Marker.png]
[html.physcode.com/travel/images/home/Worldwide-Location.png]
[html.physcode.com/travel/images/home/Hot-Air-Balloon.png]
[html.physcode.com/travel/home-2.html]
[html.physcode.com/travel/images/home/banner-home3.jpg]
[html.physcode.com/travel/home-3.html]
[html.physcode.com/travel/assets/css/travel-setting-home-4.css]
[html.physcode.com/travel/images/home/passionate-travel.png]
[html.physcode.com/travel/images/home/diverse-destinations.png]
[html.physcode.com/travel/images/home/value-money.png]
[html.physcode.com/travel/images/home/beautiful-places.png]
[html.physcode.com/travel/images/home/bg-destination.jpg]
[html.physcode.com/travel/images/home/brazil-destination-760x370.jpg]
[html.physcode.com/travel/images/home/ottawa-canada-370x370.jpg]
[html.physcode.com/travel/images/home/cuba-old-havana-370x370.jpg]
[html.physcode.com/travel/images/home/kennedy_space_center-370x370.jpg]
[html.physcode.com/travel/images/home/san_agustin_church_manila-370x370.jpg]
[html.physcode.com/travel/_images/home/bg-destination.jpg_]
[html.physcode.com/travel/images/home/bg-sale.jpg]
[html.physcode.com/travel/images/tour/tour-1.jpg]
[html.physcode.com/travel/images/tour/tour-2.jpg]
[html.physcode.com/travel/images/tour/tour-3.jpg]
[html.physcode.com/travel/images/tour/tour-4.jpg]
[html.physcode.com/travel/images/tour/tour-5.jpg]
[html.physcode.com/travel/images/tour/tour-6.jpg]
[html.physcode.com/travel/images/blog/201H-150x150.jpg]
[html.physcode.com/travel/images/blog/176H-150x150.jpg]
[html.physcode.com/travel/images/blog/86H-150x150.jpg]
[html.physcode.com/travel/assets/js/typed.min.js]
[html.physcode.com/travel/home-4.html]
[html.physcode.com/travel/images/banner/top-heading.jpg]
[html.physcode.com/travel/images/tour/430x305/tour-7.jpg]
[html.physcode.com/travel/images/tour/430x305/tour-8.jpg]
[html.physcode.com/travel/images/tour/430x305/tour-9.jpg]
[html.physcode.com/travel/tours.html]
[html.physcode.com/travel/assets/css/booking.css]
[html.physcode.com/travel/assets/css/swipebox.min.css]
[html.physcode.com/travel/assets/js/jquery.swipebox.min.js]
[html.physcode.com/travel/assets/js/gmap.js]
[html.physcode.com/travel/single-tour.html]
[html.physcode.com/travel/tours-list.html]
[html.physcode.com/travel/tours-2-cols.html]
[html.physcode.com/travel/tours-3-cols.html]
[html.physcode.com/travel/tours-4-cols.html]
[travelwp.physcode.com/wp-content/uploads/2017/03/brazil.jpg]
[html.physcode.com/travel/assets/js/isotope.pkgd.min.js]
[html.physcode.com/travel/destinations.html]
[html.physcode.com/travel/single.html_]
[html.physcode.com/travel/images/blog/83H.jpg]
[html.physcode.com/travel/images/blog/161H.jpg]
[html.physcode.com/travel/images/blog/176H.jpg]
[html.physcode.com/travel/images/blog/199H.jpg]
[html.physcode.com/travel/images/blog/263H.jpg]
[html.physcode.com/travel/images/blog/289H.jpg]
[html.physcode.com/travel/images/images-sidebar/sidebanner-ticketing.jpg]
[html.physcode.com/travel/images/images-sidebar/sidebanner-tour.png]
[html.physcode.com/travel/images/images-sidebar/hertz-sidebanner.jpg]
[html.physcode.com/travel/blog.html]
[html.physcode.com/travel/gallery.html]
[travelwp.physcode.com/wp-content/uploads/2017/01/faq-choosing-your-holiday.jpg]
[travelwp.physcode.com/wp-content/uploads/2017/01/faq-prep-work-for-travel.jpg]
[travelwp.physcode.com/wp-content/uploads/2017/01/faq-medical-requirement.jpg]
[travelwp.physcode.com/wp-content/uploads/2017/01/faq-visa-requirement.jpg]
[travelwp.physcode.com/wp-content/uploads/2017/01/faq-travel-insurance.jpg]
[travelwp.physcode.com/wp-content/uploads/2017/01/faq-travel-day.jpg]
[travelwp.physcode.com/wp-content/uploads/2017/01/faq-flight-airport-reminders.jpg]
[travelwp.physcode.com/wp-content/uploads/2017/01/faq-self-drive-reminders.jpg]
[travelwp.physcode.com/wp-content/uploads/2017/01/faq-on-holidays.jpg]
[html.physcode.com/travel/travel-tips.html]
[html.physcode.com/travel/typography.html]
[html.physcode.com/travel/checkout.html]
[html.physcode.com/travel/contact.html]
[html.physcode.com/travel/single.html]
[html.physcode.com/travel/single.html/index.html]
[html.physcode.com/travel/assets/fonts/fontawesome-webfont5b62.svg]
[html.physcode.com/travel/assets/fonts/Flaticon.svg]
[html.physcode.com/travel/assets/fonts/Linearicons-Free54e9.svg]
[travelwp.physcode.com/wp-content/uploads/sites/2/2017/02/bg-review.png]
[html.physcode.com/travel/assets/css/travel-setting-home-4.css]
[html.physcode.com/travel/_images/home/bg-destination.html]
[html.physcode.com/travel/assets/css/booking.css]
[html.physcode.com/travel/assets/img/loader.gif]
[html.physcode.com/travel/images/swipebox/icons.png]
[html.physcode.com/travel/assets/css/swipebox.min.css]
[html.physcode.com/travel/single-2.html]
[html.physcode.com/travel/single.html/index.html]
[html.physcode.com/travel/assets/img/loader.html]
